true
true
true
true
List(Symbol(defn), Symbol(square), List(Symbol(n)), List(Symbol(*), Symbol(n), Symbol(n)))
List(Symbol(println), List(Symbol(square), Number(2)))
Number(2)
Number(1)
Symbol(foo)
Symbol(foo)
Number(4)
Number(4)
Lambda(environment, [n], [List(Symbol(*), Symbol(n), Symbol(n))])
Lambda(environment, [n], [List(Symbol(*), Symbol(n), Symbol(n))])
Number(1)
Number(1)
Number(2)
Number(2)
Number(16)
Number(16)
Function(Println)
Function(Println)
Function(Println)
Number(3)
Number(3)
Number(3)
Number(3)
Number(3)
n not found
Number(4)
Number(4)
Number(4)
Number(9)
True
True
False
False
True
False
True
False
False
eval
eval
Symbol(worked)
Symbol(worked)
eval
eval
Symbol(worked)
Symbol(worked)
eval
eval
Symbol(worked)
Symbol(worked)
Number(0)
eval
eval
Number(1)
eval
eval
Number(2)
eval
eval
Number(3)
eval
eval
Number(4)
eval
eval
Number(5)
eval
eval
Number(6)
eval
eval
Number(7)
eval
eval
Number(8)
eval
eval
Number(9)
eval
eval
Number(10)
eval
eval
Symbol(worked)
